-- This file and its contents are licensed under the Apache License 2.0.
-- Please see the included NOTICE for copyright information and
-- LICENSE-APACHE for a copy of the license.
\c :TEST_DBNAME :ROLE_SUPERUSER
\x on
CREATE OR REPLACE FUNCTION get_user_cert_info(user_name NAME)
RETURNS TABLE(role_id INTEGER, role_name TEXT, crt_file TEXT, key_file TEXT)
AS :TSL_MODULE_PATHNAME, 'ts_pg_get_user_cert_info'
LANGUAGE C VOLATILE;
SELECT setting AS ssldir FROM pg_settings WHERE name = 'timescaledb.ssl_dir' \gset
SELECT role_name
     , REPLACE(crt_file, :'ssldir', '<ssldir>') AS crt_file
     , REPLACE(key_file, :'ssldir', '<ssldir>') AS key_file
  FROM get_user_cert_info(:'ROLE_SUPERUSER');
-[ RECORD 1 ]--------------------------------------------------------------
role_name | super_user
crt_file  | <ssldir>/timescaledb/certs/5627cfa7ba81479ce8f4f1bf727612bc.key
key_file  | <ssldir>/timescaledb/certs/5627cfa7ba81479ce8f4f1bf727612bc.crt

\set ON_ERROR_STOP 0
SELECT * FROM get_user_cert_info('non-existant');
ERROR:  role "non-existant" does not exist
\set ON_ERROR_STOP 1
