Parsed test spec with 11 sessions

starting permutation: LockChunk1 I1 C1 UnlockChunk Ic Cc SC1 S1
step LockChunk1: 
  BEGIN;
  SELECT
    lock_chunktable(ch.schema_name || '.' || ch.table_name)
  FROM _timescaledb_catalog.hypertable ht, _timescaledb_catalog.chunk ch
  WHERE ch.hypertable_id = ht.id AND ht.table_name like 'ts_device_table'
  ORDER BY ch.id LIMIT 1;

lock_chunktable
---------------
               
(1 row)

step I1: BEGIN; INSERT INTO ts_device_table VALUES (1, 1, 100, 100); <waiting ...>
step C1: 
  BEGIN;
  SET LOCAL lock_timeout = '500ms';
  SET LOCAL deadlock_timeout = '10ms';
  SELECT
    compress_chunk(ch.schema_name || '.' || ch.table_name)
  FROM _timescaledb_catalog.hypertable ht, _timescaledb_catalog.chunk ch
  WHERE ch.hypertable_id = ht.id AND ht.table_name like 'ts_device_table'
  ORDER BY ch.id LIMIT 1;
 <waiting ...>
step UnlockChunk: ROLLBACK;
step I1: <... completed>
step Ic: COMMIT;
step C1: <... completed>
compress_chunk                        
--------------------------------------
_timescaledb_internal._hyper_1_1_chunk
(1 row)

step Cc: COMMIT;
step SC1: SELECT count(*) AS only FROM ONLY _timescaledb_internal._hyper_1_1_chunk; SELECT count(*) FROM _timescaledb_internal._hyper_1_1_chunk;
only
----
   0
(1 row)

count
-----
   11
(1 row)

step S1: SELECT count(*) from ts_device_table;
count
-----
   31
(1 row)


starting permutation: LockChunk1 C1 I1 UnlockChunk Cc Ic
step LockChunk1: 
  BEGIN;
  SELECT
    lock_chunktable(ch.schema_name || '.' || ch.table_name)
  FROM _timescaledb_catalog.hypertable ht, _timescaledb_catalog.chunk ch
  WHERE ch.hypertable_id = ht.id AND ht.table_name like 'ts_device_table'
  ORDER BY ch.id LIMIT 1;

lock_chunktable
---------------
               
(1 row)

step C1: 
  BEGIN;
  SET LOCAL lock_timeout = '500ms';
  SET LOCAL deadlock_timeout = '10ms';
  SELECT
    compress_chunk(ch.schema_name || '.' || ch.table_name)
  FROM _timescaledb_catalog.hypertable ht, _timescaledb_catalog.chunk ch
  WHERE ch.hypertable_id = ht.id AND ht.table_name like 'ts_device_table'
  ORDER BY ch.id LIMIT 1;
 <waiting ...>
step I1: BEGIN; INSERT INTO ts_device_table VALUES (1, 1, 100, 100); <waiting ...>
step UnlockChunk: ROLLBACK;
step C1: <... completed>
compress_chunk                        
--------------------------------------
_timescaledb_internal._hyper_3_5_chunk
(1 row)

step Cc: COMMIT;
step I1: <... completed>
step Ic: COMMIT;

starting permutation: LockChunk1 A1 C1 UnlockChunk Cc A2
step LockChunk1: 
  BEGIN;
  SELECT
    lock_chunktable(ch.schema_name || '.' || ch.table_name)
  FROM _timescaledb_catalog.hypertable ht, _timescaledb_catalog.chunk ch
  WHERE ch.hypertable_id = ht.id AND ht.table_name like 'ts_device_table'
  ORDER BY ch.id LIMIT 1;

lock_chunktable
---------------
               
(1 row)

step A1: BEGIN; ALTER TABLE ts_device_table SET ( fillfactor = 80); <waiting ...>
step C1: 
  BEGIN;
  SET LOCAL lock_timeout = '500ms';
  SET LOCAL deadlock_timeout = '10ms';
  SELECT
    compress_chunk(ch.schema_name || '.' || ch.table_name)
  FROM _timescaledb_catalog.hypertable ht, _timescaledb_catalog.chunk ch
  WHERE ch.hypertable_id = ht.id AND ht.table_name like 'ts_device_table'
  ORDER BY ch.id LIMIT 1;
 <waiting ...>
step UnlockChunk: ROLLBACK;
step A1: <... completed>
step C1: <... completed>
ERROR:  canceling statement due to lock timeout
step Cc: COMMIT;
step A2: COMMIT;

starting permutation: LockChunk1 A1 C1 UnlockChunk A2 Cc
step LockChunk1: 
  BEGIN;
  SELECT
    lock_chunktable(ch.schema_name || '.' || ch.table_name)
  FROM _timescaledb_catalog.hypertable ht, _timescaledb_catalog.chunk ch
  WHERE ch.hypertable_id = ht.id AND ht.table_name like 'ts_device_table'
  ORDER BY ch.id LIMIT 1;

lock_chunktable
---------------
               
(1 row)

step A1: BEGIN; ALTER TABLE ts_device_table SET ( fillfactor = 80); <waiting ...>
step C1: 
  BEGIN;
  SET LOCAL lock_timeout = '500ms';
  SET LOCAL deadlock_timeout = '10ms';
  SELECT
    compress_chunk(ch.schema_name || '.' || ch.table_name)
  FROM _timescaledb_catalog.hypertable ht, _timescaledb_catalog.chunk ch
  WHERE ch.hypertable_id = ht.id AND ht.table_name like 'ts_device_table'
  ORDER BY ch.id LIMIT 1;
 <waiting ...>
step UnlockChunk: ROLLBACK;
step A1: <... completed>
step A2: COMMIT;
step C1: <... completed>
compress_chunk                         
---------------------------------------
_timescaledb_internal._hyper_7_12_chunk
(1 row)

step Cc: COMMIT;

starting permutation: LockChunk1 C1 D1 UnlockChunk Cc Dc
step LockChunk1: 
  BEGIN;
  SELECT
    lock_chunktable(ch.schema_name || '.' || ch.table_name)
  FROM _timescaledb_catalog.hypertable ht, _timescaledb_catalog.chunk ch
  WHERE ch.hypertable_id = ht.id AND ht.table_name like 'ts_device_table'
  ORDER BY ch.id LIMIT 1;

lock_chunktable
---------------
               
(1 row)

step C1: 
  BEGIN;
  SET LOCAL lock_timeout = '500ms';
  SET LOCAL deadlock_timeout = '10ms';
  SELECT
    compress_chunk(ch.schema_name || '.' || ch.table_name)
  FROM _timescaledb_catalog.hypertable ht, _timescaledb_catalog.chunk ch
  WHERE ch.hypertable_id = ht.id AND ht.table_name like 'ts_device_table'
  ORDER BY ch.id LIMIT 1;
 <waiting ...>
step D1: 
  BEGIN;
  SELECT
    decompress_chunk(ch.schema_name || '.' || ch.table_name)
  FROM _timescaledb_catalog.hypertable ht, _timescaledb_catalog.chunk ch
  WHERE ch.hypertable_id = ht.id AND ht.table_name like 'ts_device_table'
  ORDER BY ch.id LIMIT 1;

ERROR:  chunk "_hyper_9_16_chunk" is not compressed
step UnlockChunk: ROLLBACK;
step C1: <... completed>
compress_chunk                         
---------------------------------------
_timescaledb_internal._hyper_9_16_chunk
(1 row)

step Cc: COMMIT;
step Dc: COMMIT;

starting permutation: LockChunk1 C1 S1 UnlockChunk Cc SH
step LockChunk1: 
  BEGIN;
  SELECT
    lock_chunktable(ch.schema_name || '.' || ch.table_name)
  FROM _timescaledb_catalog.hypertable ht, _timescaledb_catalog.chunk ch
  WHERE ch.hypertable_id = ht.id AND ht.table_name like 'ts_device_table'
  ORDER BY ch.id LIMIT 1;

lock_chunktable
---------------
               
(1 row)

step C1: 
  BEGIN;
  SET LOCAL lock_timeout = '500ms';
  SET LOCAL deadlock_timeout = '10ms';
  SELECT
    compress_chunk(ch.schema_name || '.' || ch.table_name)
  FROM _timescaledb_catalog.hypertable ht, _timescaledb_catalog.chunk ch
  WHERE ch.hypertable_id = ht.id AND ht.table_name like 'ts_device_table'
  ORDER BY ch.id LIMIT 1;
 <waiting ...>
step S1: SELECT count(*) from ts_device_table;
count
-----
   30
(1 row)

step UnlockChunk: ROLLBACK;
step C1: <... completed>
compress_chunk                          
----------------------------------------
_timescaledb_internal._hyper_11_20_chunk
(1 row)

step Cc: COMMIT;
step SH: SELECT total_chunks, number_compressed_chunks from hypertable_compression_stats('ts_device_table');
total_chunks|number_compressed_chunks
------------+------------------------
           3|                       1
(1 row)


starting permutation: LockChunk1 C1 S1 UnlockChunk SH Cc
step LockChunk1: 
  BEGIN;
  SELECT
    lock_chunktable(ch.schema_name || '.' || ch.table_name)
  FROM _timescaledb_catalog.hypertable ht, _timescaledb_catalog.chunk ch
  WHERE ch.hypertable_id = ht.id AND ht.table_name like 'ts_device_table'
  ORDER BY ch.id LIMIT 1;

lock_chunktable
---------------
               
(1 row)

step C1: 
  BEGIN;
  SET LOCAL lock_timeout = '500ms';
  SET LOCAL deadlock_timeout = '10ms';
  SELECT
    compress_chunk(ch.schema_name || '.' || ch.table_name)
  FROM _timescaledb_catalog.hypertable ht, _timescaledb_catalog.chunk ch
  WHERE ch.hypertable_id = ht.id AND ht.table_name like 'ts_device_table'
  ORDER BY ch.id LIMIT 1;
 <waiting ...>
step S1: SELECT count(*) from ts_device_table;
count
-----
   30
(1 row)

step UnlockChunk: ROLLBACK;
step C1: <... completed>
compress_chunk                          
----------------------------------------
_timescaledb_internal._hyper_13_24_chunk
(1 row)

step SH: SELECT total_chunks, number_compressed_chunks from hypertable_compression_stats('ts_device_table');
total_chunks|number_compressed_chunks
------------+------------------------
           3|                       0
(1 row)

step Cc: COMMIT;

starting permutation: C1 Cc LockChunkTuple I1 IN1 UnlockChunkTuple Ic INc SChunkStat
step C1: 
  BEGIN;
  SET LOCAL lock_timeout = '500ms';
  SET LOCAL deadlock_timeout = '10ms';
  SELECT
    compress_chunk(ch.schema_name || '.' || ch.table_name)
  FROM _timescaledb_catalog.hypertable ht, _timescaledb_catalog.chunk ch
  WHERE ch.hypertable_id = ht.id AND ht.table_name like 'ts_device_table'
  ORDER BY ch.id LIMIT 1;

compress_chunk                          
----------------------------------------
_timescaledb_internal._hyper_15_28_chunk
(1 row)

step Cc: COMMIT;
step LockChunkTuple: 
  BEGIN;
  SELECT status as chunk_status from _timescaledb_catalog.chunk 
  WHERE id = ( select min(ch.id) FROM _timescaledb_catalog.hypertable ht, _timescaledb_catalog.chunk ch WHERE ch.hypertable_id = ht.id AND ht.table_name like 'ts_device_table') FOR UPDATE;

chunk_status
------------
           1
(1 row)

step I1: BEGIN; INSERT INTO ts_device_table VALUES (1, 1, 100, 100); <waiting ...>
step IN1: BEGIN; INSERT INTO ts_device_table VALUES (1, 1, 200, 100); <waiting ...>
step UnlockChunkTuple: ROLLBACK;
step I1: <... completed>
step Ic: COMMIT;
step IN1: <... completed>
step INc: COMMIT;
step SChunkStat: SELECT status from _timescaledb_catalog.chunk 
       WHERE id = ( select min(ch.id) FROM _timescaledb_catalog.hypertable ht, _timescaledb_catalog.chunk ch WHERE ch.hypertable_id = ht.id AND ht.table_name like 'ts_device_table');
status
------
     3
(1 row)


starting permutation: CA1 CAc I1 Ic SChunkStat LockChunk1 RC1 IN1 UnlockChunk INc SH
step CA1: 
  BEGIN;
  SELECT
    compress_chunk(ch.schema_name || '.' || ch.table_name)
  FROM _timescaledb_catalog.hypertable ht, _timescaledb_catalog.chunk ch
  WHERE ch.hypertable_id = ht.id AND ht.table_name like 'ts_device_table'
  ORDER BY ch.id;

compress_chunk                          
----------------------------------------
_timescaledb_internal._hyper_17_32_chunk
_timescaledb_internal._hyper_17_33_chunk
_timescaledb_internal._hyper_17_34_chunk
(3 rows)

step CAc: COMMIT;
step I1: BEGIN; INSERT INTO ts_device_table VALUES (1, 1, 100, 100);
step Ic: COMMIT;
step SChunkStat: SELECT status from _timescaledb_catalog.chunk 
       WHERE id = ( select min(ch.id) FROM _timescaledb_catalog.hypertable ht, _timescaledb_catalog.chunk ch WHERE ch.hypertable_id = ht.id AND ht.table_name like 'ts_device_table');
status
------
     3
(1 row)

step LockChunk1: 
  BEGIN;
  SELECT
    lock_chunktable(ch.schema_name || '.' || ch.table_name)
  FROM _timescaledb_catalog.hypertable ht, _timescaledb_catalog.chunk ch
  WHERE ch.hypertable_id = ht.id AND ht.table_name like 'ts_device_table'
  ORDER BY ch.id LIMIT 1;

lock_chunktable
---------------
               
(1 row)

step RC1: 
  DO $$
  DECLARE
    chunk_name text;
  BEGIN
  FOR chunk_name IN
      SELECT ch.schema_name || '.' || ch.table_name
	FROM _timescaledb_catalog.hypertable ht,
	     _timescaledb_catalog.chunk ch
       WHERE ch.hypertable_id = ht.id
	 AND ht.table_name like 'ts_device_table'
       ORDER BY ch.id LIMIT 1
     LOOP
         CALL recompress_chunk(chunk_name);
     END LOOP;
  END;
  $$;
 <waiting ...>
step IN1: BEGIN; INSERT INTO ts_device_table VALUES (1, 1, 200, 100); <waiting ...>
step UnlockChunk: ROLLBACK;
step IN1: <... completed>
step INc: COMMIT;
step RC1: <... completed>
step SH: SELECT total_chunks, number_compressed_chunks from hypertable_compression_stats('ts_device_table');
total_chunks|number_compressed_chunks
------------+------------------------
           3|                       3
(1 row)

